// Jest Snapshot v1, https://goo.gl/fbAQLP

exports[`renders correctly 1`] = `
<nav
  className="mainNavigation"
>
  <a
    href="/"
    onClick={[Function]}
    onMouseEnter={[Function]}
  >
    Home
  </a>
  <a
    href="/about"
    onClick={[Function]}
    onMouseEnter={[Function]}
  >
    About
  </a>
</nav>
`;
